// Jest Snapshot v1, https://goo.gl/fbAQLP

exports[`Pruebas en <MultipleCustomHooks /> Debe de mostrarse correctamente 1`] = `
<div>
  <h1>
    BreakingBad Quotes
  </h1>
  <hr />
  <div
    className="alert alert-info text-center"
  >
    loading...
  </div>
  <button
    className="btn btn-primary "
    onClick={[Function]}
  >
    Anterior quote
  </button>
  <button
    className="btn btn-primary ms-2"
    onClick={[Function]}
  >
    Siguiente quote
  </button>
</div>
`;
