// Jest Snapshot v1, https://goo.gl/fbAQLP

exports[`Pruebas en Hook App Debe de mostrar el <HookApp /> correctamente 1`] = `
<div>
  <h1>
    Hola mundo
  </h1>
</div>
`;
